******************************************************************************
                  TI ARM Linker PC v18.1.2                     
******************************************************************************
>> Linked Mon Nov  5 19:32:39 2018

OUTPUT FILE NAME:   <midterm.out>
ENTRY POINT SYMBOL: "_c_int00_noargs"  address: 00001f35


MEMORY CONFIGURATION

         name            origin    length      used     unused   attr    fill
----------------------  --------  ---------  --------  --------  ----  --------
  FLASH                 00000000   00040000  000022e8  0003dd18  R  X
  SRAM                  20000000   00008000  00000074  00007f8c  RW X


SEGMENT ALLOCATION MAP

run origin  load origin   length   init length attrs members
----------  ----------- ---------- ----------- ----- -------
00000000    00000000    000022ec   000022ec    r-x
  00000000    00000000    0000026c   0000026c    r-- .intvecs
  0000026c    0000026c    00001ed4   00001ed4    r-x .text
  00002140    00002140    0000018c   0000018c    r-- .const
  000022d0    000022d0    0000001c   0000001c    r-- .cinit
20000000    20000000    00000074   00000000    rw-
  20000000    20000000    00000068   00000000    rw- .stack
  20000068    20000068    0000000c   00000000    rw- .data


SECTION ALLOCATION MAP

 output                                  attributes/
section   page    origin      length       input sections
--------  ----  ----------  ----------   ----------------
.intvecs   0    00000000    0000026c     
                  00000000    0000026c     tm4c123gh6pm_startup_ccs.obj (.intvecs)

.text      0    0000026c    00001ed4     
                  0000026c    00000c84     ustdlib.obj (.text)
                  00000ef0    00000570     main.obj (.text)
                  00001460    0000049c     uartstdio.obj (.text)
                  000018fc    00000132     driverlib.lib : gpio.obj (.text:GPIOPadConfigSet)
                  00001a2e    00000002     rtsv7M4_T_le_v4SPD16_eabi.lib : div0.asm.obj (.text)
                  00001a30    00000110     driverlib.lib : sysctl.obj (.text:SysCtlClockGet)
                  00001b40    000000f4                   : sysctl.obj (.text:SysCtlClockSet)
                  00001c34    0000009c     rtsv7M4_T_le_v4SPD16_eabi.lib : memcpy_t2.asm.obj (.text)
                  00001cd0    00000068                                   : copy_decompress_lzss.c.obj (.text:decompress:lzss:__TI_decompress_lzss)
                  00001d38    00000064     driverlib.lib : hibernate.obj (.text:HibernateWakeSet)
                  00001d9c    0000004c                   : i2c.obj (.text:I2CMasterInitExpClk)
                  00001de8    00000048                   : gpio.obj (.text:GPIOPinConfigure)
                  00001e30    00000046                   : uart.obj (.text:UARTConfigSetExpClk)
                  00001e76    00000002     --HOLE-- [fill = 0]
                  00001e78    00000044     rtsv7M4_T_le_v4SPD16_eabi.lib : autoinit.c.obj (.text:__TI_auto_init_nobinit_nopinit:__TI_auto_init_nobinit_nopinit)
                  00001ebc    00000040                                   : u_divt2.asm.obj (.text)
                  00001efc    00000038     driverlib.lib : sysctl.obj (.text:SysCtlPeripheralPresent)
                  00001f34    00000038     rtsv7M4_T_le_v4SPD16_eabi.lib : boot_cortex_m.c.obj (.text:_c_int00_noargs:_c_int00_noargs)
                  00001f6c    00000034     driverlib.lib : sysctl.obj (.text:SysCtlPeripheralEnable)
                  00001fa0    0000002c                   : hibernate.obj (.text:HibernateRTCSet)
                  00001fcc    0000002a                   : gpio.obj (.text:GPIODirModeSet)
                  00001ff6    00000002     --HOLE-- [fill = 0]
                  00001ff8    00000020                   : uart.obj (.text:UARTDisable)
                  00002018    00000018                   : hibernate.obj (.text:HibernateGPIORetentionEnable)
                  00002030    00000014                   : hibernate.obj (.text:HibernateEnableExpClk)
                  00002044    00000014                   : hibernate.obj (.text:HibernateRTCEnable)
                  00002058    00000014                   : hibernate.obj (.text:HibernateRequest)
                  0000206c    00000014                   : uart.obj (.text:UARTEnable)
                  00002080    00000012                   : gpio.obj (.text:GPIOPinTypeI2C)
                  00002092    00000012                   : gpio.obj (.text:GPIOPinTypeI2CSCL)
                  000020a4    00000012                   : gpio.obj (.text:GPIOPinTypeUART)
                  000020b6    00000002     --HOLE-- [fill = 0]
                  000020b8    00000010                   : hibernate.obj (.text:HibernateRTCMatchSet)
                  000020c8    00000010                   : hibernate.obj (.text:_HibernateWriteComplete)
                  000020d8    0000000e     rtsv7M4_T_le_v4SPD16_eabi.lib : copy_decompress_none.c.obj (.text:decompress:none:__TI_decompress_none)
                  000020e6    0000000c     tm4c123gh6pm_startup_ccs.obj (.text)
                  000020f2    0000000a     driverlib.lib : i2c.obj (.text:I2CMasterEnable)
                  000020fc    0000000a                   : uart.obj (.text:UARTCharGet)
                  00002106    0000000a                   : uart.obj (.text:UARTCharPut)
                  00002110    00000008                   : i2c.obj (.text:I2CMasterBusy)
                  00002118    00000008                   : i2c.obj (.text:I2CMasterSlaveAddrSet)
                  00002120    00000006                   : sysctl.obj (.text:SysCtlDelay)
                  00002126    00000006                   : uart.obj (.text:UARTClockSourceSet)
                  0000212c    00000004                   : i2c.obj (.text:I2CMasterControl)
                  00002130    00000004                   : i2c.obj (.text:I2CMasterDataGet)
                  00002134    00000004                   : i2c.obj (.text:I2CMasterDataPut)
                  00002138    00000004     rtsv7M4_T_le_v4SPD16_eabi.lib : pre_init.c.obj (.text:_system_pre_init)
                  0000213c    00000004                                   : exit.c.obj (.text:abort:abort)

.const     0    00002140    0000018c     
                  00002140    00000090     driverlib.lib : gpio.obj (.const:g_pui32GPIOBaseAddrs)
                  000021d0    0000006c                   : sysctl.obj (.const:g_pui32Xtals)
                  0000223c    00000030     ustdlib.obj (.const:g_psDaysToMonth)
                  0000226c    00000018     ustdlib.obj (.const:g_pfExponents)
                  00002284    00000012     uartstdio.obj (.const:.string)
                  00002296    00000002     --HOLE-- [fill = 0]
                  00002298    00000012     ustdlib.obj (.const:.string)
                  000022aa    00000002     --HOLE-- [fill = 0]
                  000022ac    0000000c     uartstdio.obj (.const:g_ui32UARTBase)
                  000022b8    0000000c     uartstdio.obj (.const:g_ui32UARTPeriph)
                  000022c4    00000004     uartstdio.obj (.const)
                  000022c8    00000004     ustdlib.obj (.const)

.cinit     0    000022d0    0000001c     
                  000022d0    0000000a     (.cinit..data.load) [load image, compression = lzss]
                  000022da    00000002     --HOLE-- [fill = 0]
                  000022dc    00000008     (__TI_handler_table)
                  000022e4    00000008     (__TI_cinit_table)

.init_array 
*          0    00000000    00000000     UNINITIALIZED

.data      0    20000068    0000000c     UNINITIALIZED
                  20000068    00000005     uartstdio.obj (.data)
                  2000006d    00000003     --HOLE--
                  20000070    00000004     ustdlib.obj (.data)

.stack     0    20000000    00000068     UNINITIALIZED
                  20000000    00000004     rtsv7M4_T_le_v4SPD16_eabi.lib : boot_cortex_m.c.obj (.stack)
                  20000004    00000064     --HOLE--

MODULE SUMMARY

       Module                         code   ro data   rw data
       ------                         ----   -------   -------
    .\
       ustdlib.obj                    3204   94        4      
       main.obj                       1392   0         0      
       uartstdio.obj                  1180   46        5      
       tm4c123gh6pm_startup_ccs.obj   12     620       0      
    +--+------------------------------+------+---------+---------+
       Total:                         5788   760       9      
                                                              
    C:/ti/tivaware_c_series_2_1_4_178/driverlib/ccs/Debug/driverlib.lib
       sysctl.obj                     630    108       0      
       gpio.obj                       474    144       0      
       hibernate.obj                  260    0         0      
       uart.obj                       148    0         0      
       i2c.obj                        114    0         0      
    +--+------------------------------+------+---------+---------+
       Total:                         1626   252       0      
                                                              
    C:\ti\ccsv8\tools\compiler\ti-cgt-arm_18.1.2.LTS\lib\rtsv7M4_T_le_v4SPD16_eabi.lib
       memcpy_t2.asm.obj              156    0         0      
       copy_decompress_lzss.c.obj     104    0         0      
       autoinit.c.obj                 68     0         0      
       u_divt2.asm.obj                64     0         0      
       boot_cortex_m.c.obj            56     0         0      
       copy_decompress_none.c.obj     14     0         0      
       exit.c.obj                     4      0         0      
       pre_init.c.obj                 4      0         0      
       div0.asm.obj                   2      0         0      
    +--+------------------------------+------+---------+---------+
       Total:                         472    0         0      
                                                              
       Stack:                         0      0         104    
       Linker Generated:              0      26        0      
    +--+------------------------------+------+---------+---------+
       Grand Total:                   7886   1038      113    


LINKER GENERATED COPY TABLES

__TI_cinit_table @ 000022e4 records: 1, size/record: 8, table size: 8
	.data: load addr=000022d0, load size=0000000a bytes, run addr=20000068, run size=0000000c bytes, compression=lzss


LINKER GENERATED HANDLER TABLE

__TI_handler_table @ 000022dc records: 2, size/record: 4, table size: 8
	index: 0, handler: __TI_decompress_lzss
	index: 1, handler: __TI_decompress_none


GLOBAL SYMBOLS: SORTED ALPHABETICALLY BY Name 

address   name                          
-------   ----                          
0000213d  C$$EXIT                       
00000ef1  ConfigureUART                 
00001fcd  GPIODirModeSet                
000018fd  GPIOPadConfigSet              
00001de9  GPIOPinConfigure              
00002081  GPIOPinTypeI2C                
00002093  GPIOPinTypeI2CSCL             
000020a5  GPIOPinTypeUART               
00001155  GetLuminosity                 
00002031  HibernateEnableExpClk         
00002019  HibernateGPIORetentionEnable  
00002045  HibernateRTCEnable            
000020b9  HibernateRTCMatchSet          
00001fa1  HibernateRTCSet               
00002059  HibernateRequest              
00001d39  HibernateWakeSet              
00000f2b  I2C0_Init                     
0000107b  I2C0_Read                     
00000f6f  I2C0_Write                    
00002111  I2CMasterBusy                 
0000212d  I2CMasterControl              
00002131  I2CMasterDataGet              
00002135  I2CMasterDataPut              
000020f3  I2CMasterEnable               
00001d9d  I2CMasterInitExpClk           
00002119  I2CMasterSlaveAddrSet         
000020e7  ResetISR                      
00001a31  SysCtlClockGet                
00001b41  SysCtlClockSet                
00002121  SysCtlDelay                   
00001f6d  SysCtlPeripheralEnable        
00001efd  SysCtlPeripheralPresent       
000010f1  TSL2591_init                  
000020fd  UARTCharGet                   
00002107  UARTCharPut                   
00002127  UARTClockSourceSet            
00001e31  UARTConfigSetExpClk           
00001ff9  UARTDisable                   
0000206d  UARTEnable                    
00001461  UARTStdioConfig               
000015a7  UARTgetc                      
000014ed  UARTgets                      
000018c7  UARTprintf                    
000015cd  UARTvprintf                   
000014a7  UARTwrite                     
20000068  __STACK_END                   
00000068  __STACK_SIZE                  
20000200  __STACK_TOP                   
000022e4  __TI_CINIT_Base               
000022ec  __TI_CINIT_Limit              
000022dc  __TI_Handler_Table_Base       
000022e4  __TI_Handler_Table_Limit      
00001e79  __TI_auto_init_nobinit_nopinit
00001cd1  __TI_decompress_lzss          
000020d9  __TI_decompress_none          
ffffffff  __TI_pprof_out_hndl           
ffffffff  __TI_prof_data_size           
ffffffff  __TI_prof_data_start          
00000000  __TI_static_base__            
00001a2f  __aeabi_idiv0                 
00001a2f  __aeabi_ldiv0                 
00001c35  __aeabi_memcpy                
00001c35  __aeabi_memcpy4               
00001c35  __aeabi_memcpy8               
00001ebd  __aeabi_uidiv                 
00001ebd  __aeabi_uidivmod              
ffffffff  __binit__                     
ffffffff  __c_args__                    
UNDEFED   __mpu_init                    
20000000  __stack                       
00001f35  _c_int00_noargs               
UNDEFED   _system_post_cinit            
00002139  _system_pre_init              
0000213d  abort                         
ffffffff  binit                         
00000000  g_pfnVectors                  
00001255  initialize_wifi               
00001271  main                          
00001c35  memcpy                        
00000751  ulocaltime                    
0000094f  umktime                       
00000ec9  urand                         
00000721  usnprintf                     
000006ef  usprintf                      
00000eb9  usrand                        
00000e31  ustrcasecmp                   
00000ea5  ustrcmp                       
00000d35  ustrlen                       
00000d8d  ustrncasecmp                  
00000e45  ustrncmp                      
0000026d  ustrncpy                      
00000d57  ustrstr                       
00000afd  ustrtof                       
000009c5  ustrtoul                      
000002c5  uvsnprintf                    


GLOBAL SYMBOLS: SORTED BY Symbol Address 

address   name                          
-------   ----                          
00000000  __TI_static_base__            
00000000  g_pfnVectors                  
00000068  __STACK_SIZE                  
0000026d  ustrncpy                      
000002c5  uvsnprintf                    
000006ef  usprintf                      
00000721  usnprintf                     
00000751  ulocaltime                    
0000094f  umktime                       
000009c5  ustrtoul                      
00000afd  ustrtof                       
00000d35  ustrlen                       
00000d57  ustrstr                       
00000d8d  ustrncasecmp                  
00000e31  ustrcasecmp                   
00000e45  ustrncmp                      
00000ea5  ustrcmp                       
00000eb9  usrand                        
00000ec9  urand                         
00000ef1  ConfigureUART                 
00000f2b  I2C0_Init                     
00000f6f  I2C0_Write                    
0000107b  I2C0_Read                     
000010f1  TSL2591_init                  
00001155  GetLuminosity                 
00001255  initialize_wifi               
00001271  main                          
00001461  UARTStdioConfig               
000014a7  UARTwrite                     
000014ed  UARTgets                      
000015a7  UARTgetc                      
000015cd  UARTvprintf                   
000018c7  UARTprintf                    
000018fd  GPIOPadConfigSet              
00001a2f  __aeabi_idiv0                 
00001a2f  __aeabi_ldiv0                 
00001a31  SysCtlClockGet                
00001b41  SysCtlClockSet                
00001c35  __aeabi_memcpy                
00001c35  __aeabi_memcpy4               
00001c35  __aeabi_memcpy8               
00001c35  memcpy                        
00001cd1  __TI_decompress_lzss          
00001d39  HibernateWakeSet              
00001d9d  I2CMasterInitExpClk           
00001de9  GPIOPinConfigure              
00001e31  UARTConfigSetExpClk           
00001e79  __TI_auto_init_nobinit_nopinit
00001ebd  __aeabi_uidiv                 
00001ebd  __aeabi_uidivmod              
00001efd  SysCtlPeripheralPresent       
00001f35  _c_int00_noargs               
00001f6d  SysCtlPeripheralEnable        
00001fa1  HibernateRTCSet               
00001fcd  GPIODirModeSet                
00001ff9  UARTDisable                   
00002019  HibernateGPIORetentionEnable  
00002031  HibernateEnableExpClk         
00002045  HibernateRTCEnable            
00002059  HibernateRequest              
0000206d  UARTEnable                    
00002081  GPIOPinTypeI2C                
00002093  GPIOPinTypeI2CSCL             
000020a5  GPIOPinTypeUART               
000020b9  HibernateRTCMatchSet          
000020d9  __TI_decompress_none          
000020e7  ResetISR                      
000020f3  I2CMasterEnable               
000020fd  UARTCharGet                   
00002107  UARTCharPut                   
00002111  I2CMasterBusy                 
00002119  I2CMasterSlaveAddrSet         
00002121  SysCtlDelay                   
00002127  UARTClockSourceSet            
0000212d  I2CMasterControl              
00002131  I2CMasterDataGet              
00002135  I2CMasterDataPut              
00002139  _system_pre_init              
0000213d  C$$EXIT                       
0000213d  abort                         
000022dc  __TI_Handler_Table_Base       
000022e4  __TI_CINIT_Base               
000022e4  __TI_Handler_Table_Limit      
000022ec  __TI_CINIT_Limit              
20000000  __stack                       
20000068  __STACK_END                   
20000200  __STACK_TOP                   
ffffffff  __TI_pprof_out_hndl           
ffffffff  __TI_prof_data_size           
ffffffff  __TI_prof_data_start          
ffffffff  __binit__                     
ffffffff  __c_args__                    
ffffffff  binit                         
UNDEFED   __mpu_init                    
UNDEFED   _system_post_cinit            

[95 symbols]
